// Jest Snapshot v1, https://goo.gl/fbAQLP

exports[`it wraps a TextArea correctly 1`] = `
<div>
  <div
    class="govuk-character-count"
  >
    <div
      class="govuk-form-group lbh-form-group"
    >
      <label
        class="govuk-label lbh-label"
        for="test"
      >
        Test Label
        
      </label>
      <textarea
        class="govuk-textarea lbh-character-count"
        id="test"
        name="test"
      />
    </div>
  </div>
</div>
`;
