// Jest Snapshot v1, https://goo.gl/fbAQLP

exports[`it renders correctly 1`] = `
<div>
  <textarea
    class="govuk-textarea lbh-character-count"
  />
</div>
`;
